{"c":0}
0
0
0
function(...args) {
function () { [native code] }
function () { [native code] }
5
9