{"c":0}
0
0
0
function () { [native code] }
function () { [native code] }
function () { [native code] }
5
6
6